%!Adobe-FontList 1.22
%Locale:0x409

%BeginFont
Handler:DirectoryHandler
FontType:Invalid
OutlineFileName:/Volumes/LeileiBlack/2020-2021 spring/触目/联名/《刺纸》/触目-月经 Folder/Document fonts/AdobeFnt21.lst
FileLength:2375
FileModTime:637215368
%EndFont

%BeginFont
Handler:DirectoryHandler
FontType:Invalid
OutlineFileName:/Volumes/LeileiBlack/2020-2021 spring/触目/联名/《刺纸》/触目-月经 Folder/Document fonts/AdobeFnt22.lst
FileLength:2375
FileModTime:637217978
%EndFont

%BeginFont
Handler:DirectoryHandler
FontType:Type1
FontName:Chalet-LondonNineteenEighty
FamilyName:Chalet
StyleName:LondonNineteenEighty
MenuName:Chalet LondonNineteenEighty
StyleBits:0
WeightClass:400
WidthClass:5
AngleClass:0
FullName:Chalet LondonNineteenEighty
WritingScript:Roman
OutlineFileName:/Volumes/LeileiBlack/2020-2021 spring/触目/联名/《刺纸》/触目-月经 Folder/Document fonts/Chalet London Nineteen Eighty.otf
DataFormat:sfntData
UsesStandardEncoding:yes
isCFF:yes
hasSVG:no
VariableFontType:NonVariableFont
FileLength:40332
FileModTime:637214654
NameArray:0,Mac,4,Chalet LondonNineteenEighty
NameArray:0,Win,1,Chalet LondonNineteenEighty
NameArray:0,Win,16,Chalet
%EndFont

%BeginFont
Handler:DirectoryHandler
FontType:Type1
FontName:Chalet-Tokyo
FamilyName:Chalet
StyleName:Tokyo
MenuName:Chalet Tokyo
StyleBits:0
WeightClass:400
WidthClass:5
AngleClass:0
FullName:Chalet Tokyo
WritingScript:Roman
OutlineFileName:/Volumes/LeileiBlack/2020-2021 spring/触目/联名/《刺纸》/触目-月经 Folder/Document fonts/Chalet Tokyo.otf
DataFormat:sfntData
UsesStandardEncoding:yes
isCFF:yes
hasSVG:no
VariableFontType:NonVariableFont
FileLength:37036
FileModTime:637214654
NameArray:0,Mac,4,Chalet Tokyo
NameArray:0,Win,1,Chalet Tokyo
NameArray:0,Win,16,Chalet
%EndFont

%BeginFont
Handler:DirectoryHandler
FontType:TrueType
FontName:Symbola
FamilyName:Symbola
StyleName:Regular
MenuName:Symbola
StyleBits:0
WeightClass:400
WidthClass:4
AngleClass:0
FullName:Symbola
FamilyNameNative:
StyleNameNative:Regular
FullNameNative:
WritingScript:Cyrillic
OutlineFileName:/Volumes/LeileiBlack/2020-2021 spring/触目/联名/《刺纸》/触目-月经 Folder/Document fonts/Symbola_hint.ttf
DataFormat:sfntData
hasSVG:no
VariableFontType:NonVariableFont
FileLength:3090932
FileModTime:637214654
NameArray:0,Mac,4,Symbola
NameArray:0,Win,1,Symbola
%EndFont

